// Jest Snapshot v1, https://goo.gl/fbAQLP

exports[`should render NumberKey correctly 1`] = `
<div
  className="button button--number"
  onClick={[Function]}
>
  <div>
    0
  </div>
</div>
`;
